{
  "schema_version": 1,
  "design": "blocked_nested_same_episode_execution_repeats",
  "schedule_seed": 20260725,
  "experimental_unit_count": 4,
  "nested_repeats_per_episode_condition": 5,
  "total_execution_observations": 40,
  "conditions": [
    "collision-checked-reset",
    "reset-risk-gated-planner"
  ],
  "condition_first_counts": {
    "collision-checked-reset": 10,
    "reset-risk-gated-planner": 10
  },
  "contact_force_threshold_n": 35.0,
  "inference_boundary": "descriptive_repeatability_only_nested_repeats_are_not_independent_samples",
  "episodes": {
    "4120001": {
      "profile_id": "medium_carton",
      "sample_sha256": "d823313a68d23765bfb15f6fe9b8db5fbe1ed3685ad2359f5204fec21bc4b3b2",
      "conditions": {
        "collision-checked-reset": {
          "repeats": 5,
          "run_indices": [
            18,
            5,
            12,
            4,
            19
          ],
          "condition_positions": [
            2,
            2,
            2,
            1,
            1
          ],
          "success_count": 5,
          "success_sequence": [
            true,
            true,
            true,
            true,
            true
          ],
          "force_abort_count": 0,
          "force_abort_sequence": [
            false,
            false,
            false,
            false,
            false
          ],
          "drop_count": 0,
          "drop_sequence": [
            false,
            false,
            false,
            false,
            false
          ],
          "max_contact_force_n": {
            "count": 5,
            "mean": 5.371088981628418,
            "median": 5.371088981628418,
            "minimum": 5.371088981628418,
            "maximum": 5.371088981628418,
            "population_stddev": 0.0
          },
          "planner_active_count": 0,
          "planner_active_sequence": [
            false,
            false,
            false,
            false,
            false
          ],
          "grasp_plan_attempts_total": 0,
          "by_condition_position": {
            "1": {
              "trials": 2,
              "success_count": 2,
              "force_abort_count": 0
            },
            "2": {
              "trials": 3,
              "success_count": 3,
              "force_abort_count": 0
            }
          },
          "terminal_stage_sequence": [
            "complete",
            "complete",
            "complete",
            "complete",
            "complete"
          ]
        },
        "reset-risk-gated-planner": {
          "repeats": 5,
          "run_indices": [
            18,
            5,
            12,
            4,
            19
          ],
          "condition_positions": [
            1,
            1,
            1,
            2,
            2
          ],
          "success_count": 0,
          "success_sequence": [
            false,
            false,
            false,
            false,
            false
          ],
          "force_abort_count": 5,
          "force_abort_sequence": [
            true,
            true,
            true,
            true,
            true
          ],
          "drop_count": 0,
          "drop_sequence": [
            false,
            false,
            false,
            false,
            false
          ],
          "max_contact_force_n": {
            "count": 5,
            "mean": 159.27162170410156,
            "median": 159.27162170410156,
            "minimum": 159.27162170410156,
            "maximum": 159.27162170410156,
            "population_stddev": 0.0
          },
          "planner_active_count": 5,
          "planner_active_sequence": [
            true,
            true,
            true,
            true,
            true
          ],
          "grasp_plan_attempts_total": 5,
          "by_condition_position": {
            "1": {
              "trials": 3,
              "success_count": 0,
              "force_abort_count": 3
            },
            "2": {
              "trials": 2,
              "success_count": 0,
              "force_abort_count": 2
            }
          },
          "terminal_stage_sequence": [
            "abort",
            "abort",
            "abort",
            "abort",
            "abort"
          ]
        }
      }
    },
    "5120000": {
      "profile_id": "shoe_box_proxy",
      "sample_sha256": "4f38c9164763a9411bb4ddebd44342ff79fb63c67c963540bab6f393f949ad89",
      "conditions": {
        "collision-checked-reset": {
          "repeats": 5,
          "run_indices": [
            7,
            2,
            3,
            20,
            17
          ],
          "condition_positions": [
            1,
            2,
            1,
            1,
            2
          ],
          "success_count": 2,
          "success_sequence": [
            false,
            true,
            false,
            false,
            true
          ],
          "force_abort_count": 3,
          "force_abort_sequence": [
            true,
            false,
            true,
            true,
            false
          ],
          "drop_count": 0,
          "drop_sequence": [
            false,
            false,
            false,
            false,
            false
          ],
          "max_contact_force_n": {
            "count": 5,
            "mean": 46.826964950561525,
            "median": 60.2957878112793,
            "minimum": 13.94047737121582,
            "maximum": 70.23078918457031,
            "population_stddev": 22.30150636505932
          },
          "planner_active_count": 0,
          "planner_active_sequence": [
            false,
            false,
            false,
            false,
            false
          ],
          "grasp_plan_attempts_total": 0,
          "by_condition_position": {
            "1": {
              "trials": 3,
              "success_count": 0,
              "force_abort_count": 3
            },
            "2": {
              "trials": 2,
              "success_count": 2,
              "force_abort_count": 0
            }
          },
          "terminal_stage_sequence": [
            "abort",
            "complete",
            "abort",
            "abort",
            "complete"
          ]
        },
        "reset-risk-gated-planner": {
          "repeats": 5,
          "run_indices": [
            7,
            2,
            3,
            20,
            17
          ],
          "condition_positions": [
            2,
            1,
            2,
            2,
            1
          ],
          "success_count": 2,
          "success_sequence": [
            true,
            false,
            false,
            true,
            false
          ],
          "force_abort_count": 3,
          "force_abort_sequence": [
            false,
            true,
            true,
            false,
            true
          ],
          "drop_count": 0,
          "drop_sequence": [
            false,
            false,
            false,
            false,
            false
          ],
          "max_contact_force_n": {
            "count": 5,
            "mean": 39.36786708831787,
            "median": 35.37921142578125,
            "minimum": 11.267817497253418,
            "maximum": 67.09175109863281,
            "population_stddev": 18.686929214169183
          },
          "planner_active_count": 0,
          "planner_active_sequence": [
            false,
            false,
            false,
            false,
            false
          ],
          "grasp_plan_attempts_total": 0,
          "by_condition_position": {
            "1": {
              "trials": 2,
              "success_count": 0,
              "force_abort_count": 2
            },
            "2": {
              "trials": 3,
              "success_count": 2,
              "force_abort_count": 1
            }
          },
          "terminal_stage_sequence": [
            "complete",
            "abort",
            "abort",
            "complete",
            "abort"
          ]
        }
      }
    },
    "5120003": {
      "profile_id": "shoe_box_proxy",
      "sample_sha256": "bd58cc72b62937597d47396e5d68ebc5c33c50badd491064970fbddec01fce2e",
      "conditions": {
        "collision-checked-reset": {
          "repeats": 5,
          "run_indices": [
            1,
            11,
            9,
            15,
            16
          ],
          "condition_positions": [
            1,
            1,
            1,
            2,
            2
          ],
          "success_count": 0,
          "success_sequence": [
            false,
            false,
            false,
            false,
            false
          ],
          "force_abort_count": 5,
          "force_abort_sequence": [
            true,
            true,
            true,
            true,
            true
          ],
          "drop_count": 0,
          "drop_sequence": [
            false,
            false,
            false,
            false,
            false
          ],
          "max_contact_force_n": {
            "count": 5,
            "mean": 42.2443733215332,
            "median": 42.2443733215332,
            "minimum": 42.2443733215332,
            "maximum": 42.2443733215332,
            "population_stddev": 0.0
          },
          "planner_active_count": 0,
          "planner_active_sequence": [
            false,
            false,
            false,
            false,
            false
          ],
          "grasp_plan_attempts_total": 0,
          "by_condition_position": {
            "1": {
              "trials": 3,
              "success_count": 0,
              "force_abort_count": 3
            },
            "2": {
              "trials": 2,
              "success_count": 0,
              "force_abort_count": 2
            }
          },
          "terminal_stage_sequence": [
            "abort",
            "abort",
            "abort",
            "abort",
            "abort"
          ]
        },
        "reset-risk-gated-planner": {
          "repeats": 5,
          "run_indices": [
            1,
            11,
            9,
            15,
            16
          ],
          "condition_positions": [
            2,
            2,
            2,
            1,
            1
          ],
          "success_count": 5,
          "success_sequence": [
            true,
            true,
            true,
            true,
            true
          ],
          "force_abort_count": 0,
          "force_abort_sequence": [
            false,
            false,
            false,
            false,
            false
          ],
          "drop_count": 0,
          "drop_sequence": [
            false,
            false,
            false,
            false,
            false
          ],
          "max_contact_force_n": {
            "count": 5,
            "mean": 29.692829132080078,
            "median": 29.692829132080078,
            "minimum": 29.692829132080078,
            "maximum": 29.692829132080078,
            "population_stddev": 0.0
          },
          "planner_active_count": 5,
          "planner_active_sequence": [
            true,
            true,
            true,
            true,
            true
          ],
          "grasp_plan_attempts_total": 5,
          "by_condition_position": {
            "1": {
              "trials": 2,
              "success_count": 2,
              "force_abort_count": 0
            },
            "2": {
              "trials": 3,
              "success_count": 3,
              "force_abort_count": 0
            }
          },
          "terminal_stage_sequence": [
            "complete",
            "complete",
            "complete",
            "complete",
            "complete"
          ]
        }
      }
    },
    "7120004": {
      "profile_id": "large_narrow_carton",
      "sample_sha256": "9cf88826a3adea7f3980ddb5c1c8105e0fe1b5d1d9bcfd09beb19f5fc7b9eb2c",
      "conditions": {
        "collision-checked-reset": {
          "repeats": 5,
          "run_indices": [
            14,
            8,
            10,
            13,
            6
          ],
          "condition_positions": [
            2,
            2,
            2,
            1,
            1
          ],
          "success_count": 5,
          "success_sequence": [
            true,
            true,
            true,
            true,
            true
          ],
          "force_abort_count": 0,
          "force_abort_sequence": [
            false,
            false,
            false,
            false,
            false
          ],
          "drop_count": 0,
          "drop_sequence": [
            false,
            false,
            false,
            false,
            false
          ],
          "max_contact_force_n": {
            "count": 5,
            "mean": 15.6122407913208,
            "median": 15.6122407913208,
            "minimum": 15.6122407913208,
            "maximum": 15.6122407913208,
            "population_stddev": 0.0
          },
          "planner_active_count": 0,
          "planner_active_sequence": [
            false,
            false,
            false,
            false,
            false
          ],
          "grasp_plan_attempts_total": 0,
          "by_condition_position": {
            "1": {
              "trials": 2,
              "success_count": 2,
              "force_abort_count": 0
            },
            "2": {
              "trials": 3,
              "success_count": 3,
              "force_abort_count": 0
            }
          },
          "terminal_stage_sequence": [
            "complete",
            "complete",
            "complete",
            "complete",
            "complete"
          ]
        },
        "reset-risk-gated-planner": {
          "repeats": 5,
          "run_indices": [
            14,
            8,
            10,
            13,
            6
          ],
          "condition_positions": [
            1,
            1,
            1,
            2,
            2
          ],
          "success_count": 0,
          "success_sequence": [
            false,
            false,
            false,
            false,
            false
          ],
          "force_abort_count": 5,
          "force_abort_sequence": [
            true,
            true,
            true,
            true,
            true
          ],
          "drop_count": 0,
          "drop_sequence": [
            false,
            false,
            false,
            false,
            false
          ],
          "max_contact_force_n": {
            "count": 5,
            "mean": 68.9991226196289,
            "median": 68.9991226196289,
            "minimum": 68.9991226196289,
            "maximum": 68.9991226196289,
            "population_stddev": 0.0
          },
          "planner_active_count": 5,
          "planner_active_sequence": [
            true,
            true,
            true,
            true,
            true
          ],
          "grasp_plan_attempts_total": 5,
          "by_condition_position": {
            "1": {
              "trials": 3,
              "success_count": 0,
              "force_abort_count": 3
            },
            "2": {
              "trials": 2,
              "success_count": 0,
              "force_abort_count": 2
            }
          },
          "terminal_stage_sequence": [
            "abort",
            "abort",
            "abort",
            "abort",
            "abort"
          ]
        }
      }
    }
  },
  "instability": {
    "collision-checked-reset": {
      "success_unstable_episode_ids": [
        5120000
      ],
      "force_abort_unstable_episode_ids": [
        5120000
      ],
      "planner_activation_unstable_episode_ids": []
    },
    "reset-risk-gated-planner": {
      "success_unstable_episode_ids": [
        5120000
      ],
      "force_abort_unstable_episode_ids": [
        5120000
      ],
      "planner_activation_unstable_episode_ids": []
    }
  }
}
