Using Radeon Python environment: /workspace/rdna


============================ ROCm System Management Interface ============================
================================== Memory Usage (Bytes) ==================================
GPU[0]		: VRAM Total Memory (B): 51522830336
GPU[0]		: VRAM Total Used Memory (B): 28028928
==========================================================================================
====================================== Product Info ======================================
GPU[0]		: Card Series: 		AMD Radeon Graphics
GPU[0]		: Card Model: 		0x744b
GPU[0]		: Card Vendor: 		Advanced Micro Devices, Inc. [AMD/ATI]
GPU[0]		: Card SKU: 		D7070910
GPU[0]		: Subsystem ID: 	0x0e0c
GPU[0]		: Device Rev: 		0x00
GPU[0]		: Node ID: 		2
GPU[0]		: GUID: 		6853
GPU[0]		: GFX Version: 		gfx1100
==========================================================================================
================================== End of ROCm SMI Log ===================================
{
  "python": "3.12.3",
  "torch": "2.9.1+rocm7.2.1.gitff65f5bc",
  "rocm": "7.2.53211-e1a6bc5663",
  "device": "AMD Radeon Graphics",
  "device_count": 1
}
Radeon Cloud preflight passed.
episode=4100004 success=True max_force_n=6.050 fallback=False planner_active=False attempts=0
episode=7100002 success=True max_force_n=9.229 fallback=True planner_active=True attempts=1
episode=1100000 success=True max_force_n=7.177 fallback=False planner_active=False attempts=0
Reset-fallback gate probes completed: /workspace/parcel-sorter-opt-v1/outputs/radeon-reset-fallback-gate-probes-v1
