Using Radeon Python environment: /workspace/rdna


============================ ROCm System Management Interface ============================
================================== Memory Usage (Bytes) ==================================
GPU[0]		: VRAM Total Memory (B): 51522830336
GPU[0]		: VRAM Total Used Memory (B): 28028928
==========================================================================================
====================================== Product Info ======================================
GPU[0]		: Card Series: 		AMD Radeon Graphics
GPU[0]		: Card Model: 		0x744b
GPU[0]		: Card Vendor: 		Advanced Micro Devices, Inc. [AMD/ATI]
GPU[0]		: Card SKU: 		D7070910
GPU[0]		: Subsystem ID: 	0x0e0c
GPU[0]		: Device Rev: 		0x00
GPU[0]		: Node ID: 		2
GPU[0]		: GUID: 		6853
GPU[0]		: GFX Version: 		gfx1100
==========================================================================================
================================== End of ROCm SMI Log ===================================
{
  "python": "3.12.3",
  "torch": "2.9.1+rocm7.2.1.gitff65f5bc",
  "rocm": "7.2.53211-e1a6bc5663",
  "device": "AMD Radeon Graphics",
  "device_count": 1
}
Radeon Cloud preflight passed.
INFO 2026-07-27 03:34:38 ot_train.py:235 {'batch_size': 1,
 'checkpoint_path': None,
 'cudnn_deterministic': False,
 'dataset': {'depth_output_unit': 'm',
             'episodes': None,
             'eval_split': 0.0,
             'image_transforms': {'enable': False,
                                  'max_num_transforms': 3,
                                  'random_order': False,
                                  'tfs': {'affine': {'kwargs': {'degrees': [-5.0,
                                                                            5.0],
                                                                'translate': [0.05,
                                                                              0.05]},
                                                     'type': 'RandomAffine',
                                                     'weight': 1.0},
                                          'brightness': {'kwargs': {'brightness': [0.8,
                                                                                   1.2]},
                                                         'type': 'ColorJitter',
                                                         'weight': 1.0},
                                          'contrast': {'kwargs': {'contrast': [0.8,
                                                                               1.2]},
                                                       'type': 'ColorJitter',
                                                       'weight': 1.0},
                                          'hue': {'kwargs': {'hue': [-0.05,
                                                                     0.05]},
                                                  'type': 'ColorJitter',
                                                  'weight': 1.0},
                                          'saturation': {'kwargs': {'saturation': [0.5,
                                                                                   1.5]},
                                                         'type': 'ColorJitter',
                                                         'weight': 1.0},
                                          'sharpness': {'kwargs': {'sharpness': [0.5,
                                                                                 1.5]},
                                                        'type': 'SharpnessJitter',
                                                        'weight': 1.0}}},
             'repo_id': 'local/mobile-bimanual-parcel-expert',
             'return_uint8': False,
             'revision': None,
             'root': 'outputs/mobile-primitive-dataset-v2',
             'streaming': False,
             'use_imagenet_stats': True,
             'video_backend': 'torchcodec'},
 'env': None,
 'env_eval_freq': 0,
 'eval': {'batch_size': 50,
          'n_episodes': 50,
          'recording': False,
          'recording_private': False,
          'recording_repo_id': None,
          'use_async_envs': True},
 'eval_steps': 0,
 'job': {'detach': False,
         'image': 'huggingface/lerobot-gpu:latest',
         'tags': [],
         'target': None,
         'timeout': '2d'},
 'job_name': 'mobile-bimanual-smolvla-rgb-action19-progress1-rocm',
 'log_freq': 1,
 'max_eval_samples': 0,
 'num_workers': 0,
 'optimizer': {'betas': [0.9, 0.95],
               'eps': 1e-08,
               'grad_clip_norm': 10,
               'lr': 0.0001,
               'type': 'adamw',
               'weight_decay': 1e-10},
 'output_dir': 'outputs/train/mobile-smolvla-primitive-progress-smoke-v2',
 'peft': None,
 'persistent_workers': True,
 'policy': {'adapt_to_pi_aloha': False,
            'add_image_special_tokens': False,
            'attention_mode': 'cross_attn',
            'chunk_size': 30,
            'compile_mode': 'max-autotune',
            'compile_model': False,
            'device': 'cuda',
            'empty_cameras': 0,
            'expert_width_multiplier': 0.75,
            'freeze_vision_encoder': True,
            'input_features': {'observation.images.overhead_rgb': {'shape': [3,
                                                                             224,
                                                                             224],
                                                                   'type': <FeatureType.VISUAL: 'VISUAL'>},
                               'observation.state': {'shape': [43],
                                                     'type': <FeatureType.STATE: 'STATE'>}},
            'license': None,
            'load_vlm_weights': True,
            'max_action_dim': 32,
            'max_period': 4.0,
            'max_state_dim': 48,
            'min_period': 0.004,
            'n_action_steps': 10,
            'n_obs_steps': 1,
            'normalization_mapping': {'ACTION': <NormalizationMode.MEAN_STD: 'MEAN_STD'>,
                                      'STATE': <NormalizationMode.MEAN_STD: 'MEAN_STD'>,
                                      'VISUAL': <NormalizationMode.IDENTITY: 'IDENTITY'>},
            'num_expert_layers': -1,
            'num_steps': 10,
            'num_vlm_layers': 16,
            'optimizer_betas': [0.9, 0.95],
            'optimizer_eps': 1e-08,
            'optimizer_grad_clip_norm': 10,
            'optimizer_lr': 0.0001,
            'optimizer_weight_decay': 1e-10,
            'output_features': {'action': {'shape': [20],
                                           'type': <FeatureType.ACTION: 'ACTION'>}},
            'pad_language_to': 'longest',
            'prefix_length': -1,
            'pretrained_path': None,
            'pretrained_revision': None,
            'private': None,
            'push_to_hub': False,
            'repo_id': None,
            'resize_imgs_with_padding': [512, 512],
            'rtc_config': None,
            'scheduler_decay_lr': 2.5e-06,
            'scheduler_decay_steps': 30000,
            'scheduler_warmup_steps': 1000,
            'self_attn_every_n_layers': 2,
            'tags': None,
            'tokenizer_max_length': 48,
            'train_expert_only': True,
            'train_state_proj': True,
            'type': 'smolvla',
            'use_amp': True,
            'use_cache': True,
            'use_delta_joint_actions_aloha': False,
            'use_peft': False,
            'vlm_model_name': '/workspace/parcel-sorter-opt-v1/third_party/models/smolvlm2-500m-video-instruct'},
 'prefetch_factor': 4,
 'rename_map': {},
 'resume': False,
 'reward_model': None,
 'sample_weighting': None,
 'save_checkpoint': True,
 'save_checkpoint_to_hub': False,
 'save_freq': 10,
 'scheduler': {'decay_lr': 2.5e-06,
               'num_decay_steps': 30000,
               'num_warmup_steps': 1000,
               'peak_lr': 0.0001,
               'type': 'cosine_decay_with_warmup'},
 'seed': 11,
 'steps': 10,
 'tolerance_s': 0.0001,
 'use_policy_training_preset': True,
 'wandb': {'add_tags': True,
           'disable_artifact': False,
           'enable': False,
           'entity': None,
           'mode': None,
           'notes': None,
           'project': 'lerobot',
           'run_id': None}}
INFO 2026-07-27 03:34:38 ot_train.py:243 Logs will be saved locally.
INFO 2026-07-27 03:34:38 ot_train.py:261 Creating dataset
INFO 2026-07-27 03:34:39 gs/video.py:193 Using video codec: hevc
INFO 2026-07-27 03:34:39 ot_train.py:295 Creating policy
`torch_dtype` is deprecated! Use `dtype` instead!
Loading  /workspace/parcel-sorter-opt-v1/third_party/models/smolvlm2-500m-video-instruct weights ...
Loading weights:   0%|          | 0/489 [00:00<?, ?it/s]Loading weights:  66%|██████▌   | 321/489 [00:00<00:00, 3202.79it/s]Loading weights: 100%|██████████| 489/489 [00:00<00:00, 2688.52it/s]
INFO 2026-07-27 03:34:43 ot_train.py:368 Creating optimizer and scheduler
INFO 2026-07-27 03:34:43 hedulers.py:155 Auto-scaling LR scheduler: num_training_steps (10) < num_decay_steps (30000). Scaling warmup: 1000 → 0, decay: 30000 → 10 (scale factor: 0.000)
INFO 2026-07-27 03:34:43 ot_train.py:400 Output dir: outputs/train/mobile-smolvla-primitive-progress-smoke-v2
INFO 2026-07-27 03:34:43 ot_train.py:407 cfg.steps=10 (10)
INFO 2026-07-27 03:34:43 ot_train.py:408 dataset.num_frames=4557 (5K)
INFO 2026-07-27 03:34:43 ot_train.py:409 dataset.num_episodes=7
INFO 2026-07-27 03:34:43 ot_train.py:412 Effective batch size: 1 x 1 = 1
INFO 2026-07-27 03:34:43 ot_train.py:413 num_learnable_params=99896352 (100M)
INFO 2026-07-27 03:34:43 ot_train.py:414 num_total_params=450061536 (450M)
Reducing the number of VLM layers to 16 ...
Training:   0%|          | 0/10 [00:00<?, ?step/s]INFO 2026-07-27 03:34:43 ot_train.py:565 Start offline training on a fixed dataset, with effective batch size: 1
Training:  10%|█         | 1/10 [00:02<00:19,  2.19s/step]INFO 2026-07-27 03:34:46 ot_train.py:609 step:1 smpl:1 ep:0 epch:0.00 loss:1.832 grdn:27.054 lr:9.8e-05 updt_s:1.697 data_s:0.497 smp/s:0 mem_gb:1.79 losses_after_forward:1.832 losses_after_in_ep_bound:1.832 losses_after_rm_padding:1.832
Training:  20%|██        | 2/10 [00:02<00:08,  1.04s/step]INFO 2026-07-27 03:34:46 ot_train.py:609 step:2 smpl:2 ep:0 epch:0.00 loss:3.868 grdn:46.312 lr:9.1e-05 updt_s:0.085 data_s:0.141 smp/s:4 mem_gb:1.79 losses_after_forward:3.904 losses_after_in_ep_bound:3.481 losses_after_rm_padding:3.481
Training:  30%|███       | 3/10 [00:02<00:04,  1.44step/s]INFO 2026-07-27 03:34:46 ot_train.py:609 step:3 smpl:3 ep:0 epch:0.00 loss:2.329 grdn:27.897 lr:8.0e-05 updt_s:0.084 data_s:0.197 smp/s:4 mem_gb:1.79 losses_after_forward:2.357 losses_after_in_ep_bound:1.397 losses_after_rm_padding:1.397
Training:  40%|████      | 4/10 [00:03<00:03,  1.86step/s]INFO 2026-07-27 03:34:46 ot_train.py:609 step:4 smpl:4 ep:0 epch:0.00 loss:5.869 grdn:47.387 lr:6.6e-05 updt_s:0.085 data_s:0.214 smp/s:3 mem_gb:1.79 losses_after_forward:5.869 losses_after_in_ep_bound:5.869 losses_after_rm_padding:5.869
Training:  50%|█████     | 5/10 [00:03<00:02,  2.38step/s]INFO 2026-07-27 03:34:47 ot_train.py:609 step:5 smpl:5 ep:0 epch:0.00 loss:4.731 grdn:33.871 lr:5.1e-05 updt_s:0.083 data_s:0.123 smp/s:5 mem_gb:1.79 losses_after_forward:4.731 losses_after_in_ep_bound:4.731 losses_after_rm_padding:4.731
Training:  60%|██████    | 6/10 [00:03<00:01,  2.67step/s]INFO 2026-07-27 03:34:47 ot_train.py:609 step:6 smpl:6 ep:0 epch:0.00 loss:3.312 grdn:32.523 lr:3.6e-05 updt_s:0.082 data_s:0.203 smp/s:4 mem_gb:1.79 losses_after_forward:3.312 losses_after_in_ep_bound:3.312 losses_after_rm_padding:3.312
Training:  70%|███████   | 7/10 [00:03<00:00,  3.12step/s]INFO 2026-07-27 03:34:47 ot_train.py:609 step:7 smpl:7 ep:0 epch:0.00 loss:2.938 grdn:28.645 lr:2.3e-05 updt_s:0.082 data_s:0.127 smp/s:5 mem_gb:1.79 losses_after_forward:2.938 losses_after_in_ep_bound:2.938 losses_after_rm_padding:2.938
Training:  80%|████████  | 8/10 [00:04<00:00,  3.21step/s]INFO 2026-07-27 03:34:47 ot_train.py:609 step:8 smpl:8 ep:0 epch:0.00 loss:2.422 grdn:21.879 lr:1.2e-05 updt_s:0.082 data_s:0.207 smp/s:3 mem_gb:1.79 losses_after_forward:2.422 losses_after_in_ep_bound:2.422 losses_after_rm_padding:2.422
Training:  90%|█████████ | 9/10 [00:04<00:00,  3.59step/s]INFO 2026-07-27 03:34:48 ot_train.py:609 step:9 smpl:9 ep:0 epch:0.00 loss:2.920 grdn:23.203 lr:4.9e-06 updt_s:0.082 data_s:0.122 smp/s:5 mem_gb:1.79 losses_after_forward:2.920 losses_after_in_ep_bound:2.920 losses_after_rm_padding:2.920
Training: 100%|██████████| 10/10 [00:04<00:00,  3.90step/s]INFO 2026-07-27 03:34:48 ot_train.py:609 step:10 smpl:10 ep:0 epch:0.00 loss:1.594 grdn:16.688 lr:2.5e-06 updt_s:0.082 data_s:0.124 smp/s:5 mem_gb:1.79 losses_after_forward:1.775 losses_after_in_ep_bound:0.691 losses_after_rm_padding:0.691
INFO 2026-07-27 03:34:48 ot_train.py:655 Checkpoint policy after step 10
Training: 100%|██████████| 10/10 [00:05<00:00,  1.77step/s]
INFO 2026-07-27 03:34:49 ot_train.py:741 End of training
